#ID	kingdom	phylum	class	order	family	genus	species
2160775	Eukaryota (100.0)	Bacillariophyta (100.0)	Bacillariophyceae (100.0)	Bacillariales (100.0)	Bacillariaceae (100.0)	Pseudo-nitzschia (93.6)	Pseudo-nitzschia pungens (87.3)
2160771	Eukaryota (100.0)	Bacillariophyta (100.0)	Bacillariophyceae (100.0)	Bacillariales (98.6)	Bacillariaceae (98.6)	Pseudo-nitzschia (88.7)	Pseudo-nitzschia multiseries (85.6)
2160777	Eukaryota (100.0)	Bacillariophyta (100.0)	Bacillariophyceae (100.0)	Bacillariales (100.0)	Bacillariaceae (100.0)	Pseudo-nitzschia (87.1)	Pseudo-nitzschia australis (50.0)
2160774	Eukaryota (100.0)	Bacillariophyta (100.0)	Bacillariophyceae (100.0)	Bacillariales (100.0)	Bacillariaceae (100.0)	Pseudo-nitzschia (93.7)	Pseudo-nitzschia pungens (87.5)
